{"level":"error","message":"❌ Test FAILED → [LP-01] Valid credentials – School member","timestamp":"2026-05-05T10:34:48.485Z"}
{"level":"error","message":"❌ Test FAILED → [LP-01] Valid credentials – School member","timestamp":"2026-05-05T10:34:55.628Z"}
{"level":"error","message":"❌ Test FAILED → [LP-02] Valid credentials – email with uppercase","timestamp":"2026-05-05T10:35:04.330Z"}
{"level":"error","message":"❌ FAILED → [LP-01] Valid credentials","timestamp":"2026-05-05T11:32:32.908Z"}
{"level":"error","message":"❌ FAILED → [LP-01] Valid credentials","timestamp":"2026-05-05T11:35:19.762Z"}
{"level":"error","message":"❌ FAILED → [LP-01] Valid credentials","timestamp":"2026-05-05T11:43:55.871Z"}
{"level":"error","message":"❌ FAILED → [LP-01] Valid credentials","timestamp":"2026-05-05T18:26:46.313Z"}
{"level":"error","message":"❌ FAILED → [LP-01] Valid credentials","timestamp":"2026-05-05T18:27:41.278Z"}
{"level":"error","message":"❌ FAILED → [LP-01] Valid credentials","timestamp":"2026-05-05T18:42:11.323Z"}
{"level":"error","message":"❌ FAILED → [LN-01] Wrong password","timestamp":"2026-05-06T06:24:55.873Z"}
{"level":"error","message":"❌ FAILED → [LN-01] Wrong password","timestamp":"2026-05-06T09:41:50.906Z"}
{"level":"error","message":"❌ FAILED → [LN-01] Wrong password","timestamp":"2026-05-06T09:42:11.070Z"}
{"level":"error","message":"❌ FAILED → [LN-02] Non-existent email","timestamp":"2026-05-06T09:42:33.022Z"}
{"level":"error","message":"❌ FAILED → [LN-01] Wrong password","timestamp":"2026-05-06T09:55:20.892Z"}
{"level":"error","message":"❌ FAILED → [LN-03] Empty email","timestamp":"2026-05-06T09:55:47.257Z"}
{"level":"error","message":"❌ FAILED → [SP-01] Valid registration","timestamp":"2026-05-07T06:58:56.100Z"}
{"level":"error","message":"❌ FAILED → [SP-02] Name with spaces","timestamp":"2026-05-07T06:59:21.745Z"}
{"level":"error","message":"❌ FAILED → [SP-03] Minimum 8 char password","timestamp":"2026-05-07T06:59:46.635Z"}
{"level":"error","message":"❌ FAILED → [SP-04] Maximum 16 char password","timestamp":"2026-05-07T07:00:16.655Z"}
{"level":"error","message":"❌ FAILED → [SP-05] Name with hyphen","timestamp":"2026-05-07T07:00:42.727Z"}
{"level":"error","message":"❌ FAILED → [SP-01] Valid registration","timestamp":"2026-05-07T07:05:07.005Z"}
{"level":"error","message":"❌ FAILED → [SP-02] Name with spaces","timestamp":"2026-05-07T07:05:22.256Z"}
{"level":"error","message":"❌ FAILED → [SP-03] Minimum 8 char password","timestamp":"2026-05-07T07:05:39.122Z"}
{"level":"error","message":"❌ FAILED → [SP-04] Maximum 16 char password","timestamp":"2026-05-07T07:06:01.112Z"}
{"level":"error","message":"❌ FAILED → [SP-05] Name with hyphen","timestamp":"2026-05-07T07:06:20.423Z"}
{"level":"error","message":"❌ FAILED → [SN-01] All fields empty","timestamp":"2026-05-07T07:43:48.524Z"}
{"level":"error","message":"❌ FAILED → [SN-03] Password below 8 characters","timestamp":"2026-05-07T07:44:07.354Z"}
{"level":"error","message":"❌ FAILED → [SN-04] Passwords do not match","timestamp":"2026-05-07T07:44:19.626Z"}
{"level":"error","message":"❌ FAILED → [SN-05] Already registered email","timestamp":"2026-05-07T07:44:32.464Z"}
{"level":"error","message":"❌ FAILED → [SN-04] Passwords do not match","timestamp":"2026-05-07T08:12:44.679Z"}
{"level":"error","message":"✖ FAILED [[PL-01] @smoke — Create playlist with valid name] — TimeoutError: locator.waitFor: Timeout 10000ms exceeded.","timestamp":"2026-05-08T20:06:25.161Z"}
{"level":"error","message":"✖ FAILED [[PL-01] @smoke — Create playlist with valid name] — TimeoutError: locator.waitFor: Timeout 10000ms exceeded.","timestamp":"2026-05-08T20:08:00.255Z"}
{"level":"error","message":"✖ FAILED [[PL-02] @regression — Playlist visible immediately after creation] — TimeoutError: locator.waitFor: Timeout 10000ms exceeded.","timestamp":"2026-05-08T20:08:28.848Z"}
{"level":"error","message":"✖ FAILED [[PL-03] @regression — Cannot create playlist with empty name] — TimeoutError: locator.waitFor: Timeout 10000ms exceeded.","timestamp":"2026-05-08T20:08:54.101Z"}
{"level":"error","message":"✖ FAILED [[PL-05] @regression — Cannot create duplicate playlist name] — TimeoutError: locator.waitFor: Timeout 10000ms exceeded.","timestamp":"2026-05-08T20:09:22.828Z"}
{"level":"error","message":"✖ FAILED [[PL-01] @smoke — Create playlist with valid name] — TimeoutError: locator.waitFor: Timeout 10000ms exceeded.","timestamp":"2026-05-08T20:32:27.152Z"}
{"level":"error","message":"✖ FAILED [[PL-01] @smoke — Create playlist with valid name] — TimeoutError: locator.waitFor: Timeout 10000ms exceeded.","timestamp":"2026-05-08T20:38:36.375Z"}
{"level":"error","message":"✖ FAILED [[PL-01] @smoke — Create playlist with valid name] — TimeoutError: locator.waitFor: Timeout 10000ms exceeded.","timestamp":"2026-05-08T20:41:42.014Z"}
{"level":"error","message":"✖ FAILED [[PL-01] @smoke — Create playlist with valid name] — TypeError: Cannot read properties of undefined (reading 'createPlaylist')","timestamp":"2026-05-08T20:45:03.928Z"}
{"level":"error","message":"✖ FAILED [[PL-01] @smoke — Create playlist with valid name] — TimeoutError: locator.waitFor: Timeout 8000ms exceeded.","timestamp":"2026-05-08T20:48:18.365Z"}
{"level":"error","message":"✖ FAILED [[PL-01] @smoke — Create playlist with valid name] — TimeoutError: locator.waitFor: Timeout 8000ms exceeded.","timestamp":"2026-05-11T05:43:29.843Z"}
{"level":"error","message":"✖ FAILED [[PL-01] @smoke — Create playlist with valid name] — Error: Playlist count should increase by 1","timestamp":"2026-05-11T06:13:32.154Z"}
{"level":"error","message":"✖ FAILED [[PL-01] @smoke — Create playlist with valid name] — Error: \u001b[2mexpect(\u001b[22m\u001b[31mreceived\u001b[39m\u001b[2m).\u001b[22mtoBeTruthy\u001b[2m()\u001b[22m","timestamp":"2026-05-11T07:00:35.245Z"}
{"level":"error","message":"✖ FAILED [[PL-02] @regression — Playlist visible immediately after creation] — Error: Playlist \"Visible_1778482837485\" must be visible without page refresh","timestamp":"2026-05-11T07:00:52.689Z"}
{"level":"error","message":"✖ FAILED [[PL-05] @regression — Cannot create duplicate playlist name] — Error: Should show duplicate name error","timestamp":"2026-05-11T07:01:26.233Z"}
{"level":"error","message":"✖ FAILED [[PL-01] @smoke — Create playlist with valid name] — Error: \u001b[2mexpect(\u001b[22m\u001b[31mreceived\u001b[39m\u001b[2m).\u001b[22mtoBeTruthy\u001b[2m()\u001b[22m","timestamp":"2026-05-11T07:03:20.626Z"}
{"level":"error","message":"✖ FAILED [[PL-02] @regression — Playlist visible immediately after creation] — Error: Playlist \"Visible_1778483003306\" must be visible without page refresh","timestamp":"2026-05-11T07:03:41.293Z"}
{"level":"error","message":"✖ FAILED [[PL-04] @regression — Cannot create playlist with name > 100 characters] — Error: Should show length limit error","timestamp":"2026-05-11T07:04:25.883Z"}
{"level":"error","message":"✖ FAILED [[PL-05] @regression — Cannot create duplicate playlist name] — Error: Should show duplicate name error","timestamp":"2026-05-11T07:04:51.618Z"}
{"level":"error","message":"✖ FAILED [[PL-01] @smoke — Create playlist with valid name] — Error: \u001b[2mexpect(\u001b[22m\u001b[31mreceived\u001b[39m\u001b[2m).\u001b[22mtoBeTruthy\u001b[2m()\u001b[22m","timestamp":"2026-05-11T07:07:36.052Z"}
{"level":"error","message":"✖ FAILED [[PL-01] @smoke — Create playlist with valid name] — Error: \u001b[2mexpect(\u001b[22m\u001b[31mreceived\u001b[39m\u001b[2m).\u001b[22mtoBeTruthy\u001b[2m()\u001b[22m","timestamp":"2026-05-11T07:11:18.692Z"}
{"level":"error","message":"✖ FAILED [[PL-04] @regression — Cannot create playlist with name > 100 characters] — Error: Should show length limit error","timestamp":"2026-05-11T07:15:14.509Z"}
{"level":"error","message":"✖ FAILED [[PL-05] @regression — Cannot create duplicate playlist name] — Error: Should show duplicate name error","timestamp":"2026-05-11T07:15:33.094Z"}
{"level":"error","message":"✖ FAILED [[PL-06] @smoke — Delete playlist successfully] — TimeoutError: locator.waitFor: Timeout 8000ms exceeded.","timestamp":"2026-05-11T07:27:27.607Z"}
{"level":"error","message":"✖ FAILED [[PL-06] @smoke — Delete playlist successfully] — ReferenceError: page is not defined","timestamp":"2026-05-11T09:14:04.779Z"}
{"level":"error","message":"✖ FAILED [[PL-06] @smoke — Delete playlist successfully] — Error: locator.click: Error: strict mode violation: getByRole('button', { name: 'Delete Playlist' }) resolved to 2 elements:","timestamp":"2026-05-11T09:25:48.398Z"}
{"level":"error","message":"✖ FAILED [[PL-06] @smoke — Delete playlist successfully] — Error: Deleted playlist must not appear in list","timestamp":"2026-05-11T09:29:15.888Z"}
{"level":"error","message":"✖ FAILED [[PL-06] @smoke — Delete playlist successfully] — Error: Count must decrease by 1","timestamp":"2026-05-11T09:31:01.816Z"}
{"level":"error","message":"✖ FAILED [[PL-06] @smoke — Delete playlist successfully] — Error: \u001b[2mexpect(\u001b[22m\u001b[31mreceived\u001b[39m\u001b[2m).\u001b[22mtoBe\u001b[2m(\u001b[22m\u001b[32mexpected\u001b[39m\u001b[2m) // Object.is equality\u001b[22m","timestamp":"2026-05-11T09:34:55.416Z"}
{"level":"error","message":"✖ FAILED [[PL-08] @smoke — Add one song to playlist successfully] — TimeoutError: locator.waitFor: Timeout 10000ms exceeded.","timestamp":"2026-05-11T10:21:39.805Z"}
{"level":"error","message":"✖ FAILED [[PL-08] @smoke — Add one song to playlist successfully] — ReferenceError: page is not defined","timestamp":"2026-05-11T17:14:33.175Z"}
{"level":"error","message":"✖ FAILED [[PL-08] @smoke — Add one song to playlist successfully] — ReferenceError: page is not defined","timestamp":"2026-05-11T17:17:54.205Z"}
{"level":"error","message":"✖ FAILED [[PL-08] @smoke — Add one song to playlist successfully] — ReferenceError: page is not defined","timestamp":"2026-05-11T17:19:44.186Z"}
{"level":"error","message":"✖ FAILED [[PL-08] @smoke — Add one song to playlist successfully] — TypeError: this.waitFor is not a function","timestamp":"2026-05-11T17:22:22.562Z"}
{"level":"error","message":"✖ FAILED [[PL-08] @smoke — Add one song to playlist successfully] — ReferenceError: page is not defined","timestamp":"2026-05-11T17:28:09.898Z"}
{"level":"error","message":"✖ FAILED [[PL-08] @smoke — Add one song to playlist successfully] — ReferenceError: page is not defined","timestamp":"2026-05-11T17:31:07.494Z"}
{"level":"error","message":"✖ FAILED [[PL-08] @smoke — Add one song to playlist successfully] — TypeError: Cannot read properties of undefined (reading 'wheel')","timestamp":"2026-05-11T17:32:34.387Z"}
{"level":"error","message":"✖ FAILED [[PL-08] @smoke — Add one song to playlist successfully] — TypeError: Cannot read properties of undefined (reading 'wheel')","timestamp":"2026-05-11T17:33:22.875Z"}
{"level":"error","message":"✖ FAILED [[PL-08] @smoke — Add one song to playlist successfully] — ReferenceError: page is not defined","timestamp":"2026-05-11T17:36:35.094Z"}
{"level":"error","message":"✖ FAILED [[PL-08] @smoke — Add one song to playlist successfully] — TypeError: this.locator is not a function","timestamp":"2026-05-11T17:37:35.956Z"}
{"level":"error","message":"✖ FAILED [[PL-08] @smoke — Add one song to playlist successfully] — ReferenceError: page is not defined","timestamp":"2026-05-11T17:42:11.815Z"}
{"level":"error","message":"✖ FAILED [[PL-08] @smoke — Add one song to playlist successfully] — ReferenceError: page is not defined","timestamp":"2026-05-11T17:43:35.159Z"}
{"level":"error","message":"✖ FAILED [[PL-08] @smoke — Add one song to playlist successfully] — ReferenceError: page is not defined","timestamp":"2026-05-11T17:46:58.343Z"}
{"level":"error","message":"✖ FAILED [[PL-08] @smoke — Add one song to playlist successfully] — ReferenceError: page is not defined","timestamp":"2026-05-11T17:48:38.801Z"}
{"level":"error","message":"✖ FAILED [[PL-08] @smoke — Add one song to playlist successfully] — TypeError: this.locator is not a function","timestamp":"2026-05-11T17:51:42.854Z"}
{"level":"error","message":"✖ FAILED [[PL-08] @smoke — Add one song to playlist successfully] — TimeoutError: locator.waitFor: Timeout 8000ms exceeded.","timestamp":"2026-05-11T17:55:06.706Z"}
{"level":"error","message":"✖ FAILED [[PL-08] @smoke — Add one song to playlist successfully] — TimeoutError: locator.waitFor: Timeout 8000ms exceeded.","timestamp":"2026-05-11T18:02:19.078Z"}
{"level":"error","message":"✖ FAILED [[PL-11] @smoke — Add full album — all songs present, no duplicates] — TimeoutError: locator.waitFor: Timeout 8000ms exceeded.","timestamp":"2026-05-12T05:08:03.458Z"}
{"level":"error","message":"✖ FAILED [[PL-11] @smoke — Add full album — all songs present, no duplicates] — TimeoutError: locator.waitFor: Timeout 8000ms exceeded.","timestamp":"2026-05-12T05:09:16.779Z"}
{"level":"error","message":"✖ FAILED [[PL-11] @smoke — Add full album — all songs present, no duplicates] — TimeoutError: locator.waitFor: Timeout 8000ms exceeded.","timestamp":"2026-05-12T05:11:20.662Z"}
{"level":"error","message":"✖ FAILED [[PL-11] @smoke — Add full album — all songs present] — TypeError: this.addToPlaylistBtn2.waitFor is not a function","timestamp":"2026-05-12T05:24:26.757Z"}
{"level":"error","message":"✖ FAILED [[PL-11] @smoke — Add full album — all songs present] — TimeoutError: locator.waitFor: Timeout 8000ms exceeded.","timestamp":"2026-05-12T05:31:30.786Z"}
{"level":"error","message":"✖ FAILED [[PL-13] @regression — Playlist supports up to 100 songs] — TimeoutError: locator.waitFor: Timeout 8000ms exceeded.","timestamp":"2026-05-12T05:53:49.190Z"}
{"level":"error","message":"✖ FAILED [[PL-15] @smoke — Newest song appears at top of playlist] — TimeoutError: locator.waitFor: Timeout 10000ms exceeded.","timestamp":"2026-05-12T11:23:06.334Z"}
{"level":"error","message":"✖ FAILED [[PL-15] @smoke — Newest song appears at top of playlist] — Error: locator.waitFor: Error: strict mode violation: locator('span.nav-link').filter({ hasText: 'Playlist' }) resolved to 2 elements:","timestamp":"2026-05-12T11:30:12.914Z"}
{"level":"error","message":"✖ FAILED [[PL-15] @smoke — Newest song appears at top of playlist] — Error: locator.waitFor: Error: strict mode violation: locator('span.nav-link').filter({ hasText: 'Playlist' }) resolved to 2 elements:","timestamp":"2026-05-12T11:35:59.808Z"}
{"level":"error","message":"✖ FAILED [[PL-15] @smoke — Newest song appears at top of playlist] — Error: locator.waitFor: Error: strict mode violation: locator('span.nav-link').filter({ hasText: 'Playlist' }) resolved to 2 elements:","timestamp":"2026-05-12T11:42:02.145Z"}
{"level":"error","message":"✖ FAILED [[PL-15] @smoke — Newest song appears at top of playlist] — Error: locator.waitFor: Error: strict mode violation: locator('.nav-link:has-text(\"Playlist\")') resolved to 2 elements:","timestamp":"2026-05-12T11:46:01.180Z"}
{"level":"error","message":"✖ FAILED [[PL-15] @smoke — Newest song appears at top of playlist] — TimeoutError: locator.waitFor: Timeout 8000ms exceeded.","timestamp":"2026-05-12T11:47:38.901Z"}
{"level":"error","message":"✖ FAILED [[PL-16] @smoke — Play/Pause toggles correctly] — TypeError: Cannot read properties of undefined (reading 'page')","timestamp":"2026-05-13T05:22:35.124Z"}
{"level":"error","message":"✖ FAILED [[PL-16] @smoke — Play/Pause toggles correctly] — Error: Player should be in playing state","timestamp":"2026-05-13T05:24:46.828Z"}
{"level":"error","message":"✖ FAILED [[PL-16] @smoke — Play/Pause toggles correctly] — Error: Player should be in playing state","timestamp":"2026-05-13T05:39:10.344Z"}
{"level":"error","message":"✖ FAILED [[PL-16] @smoke — Play/Pause toggles correctly] — Error: Player should be paused","timestamp":"2026-05-13T05:43:04.666Z"}
{"level":"error","message":"✖ FAILED [[PL-16] @smoke — Play/Pause toggles correctly] — Error: Player should be paused","timestamp":"2026-05-13T06:12:50.482Z"}
{"level":"error","message":"✖ FAILED [[PL-16] @smoke — Play/Pause toggles correctly] — Error: Player should be in playing state","timestamp":"2026-05-13T06:14:17.521Z"}
{"level":"error","message":"✖ FAILED [[PL-16] @smoke — Play/Pause toggles correctly] — Error: Player should be in playing state","timestamp":"2026-05-13T06:58:43.521Z"}
{"level":"error","message":"✖ FAILED [[PL-16] @smoke — Play/Pause toggles correctly] — Error: Player should be in playing state","timestamp":"2026-05-13T07:05:32.133Z"}
{"level":"error","message":"✖ FAILED [[PL-16] @smoke — Play/Pause toggles correctly] — Error: Player should be in playing state","timestamp":"2026-05-13T07:06:23.623Z"}
{"level":"error","message":"✖ FAILED [[PL-16] @smoke — Play/Pause toggles correctly] — Error: Player should resume playing","timestamp":"2026-05-13T07:07:23.767Z"}
{"level":"error","message":"✖ FAILED [[PL-16] @smoke — Play/Pause toggles correctly] — Error: Player should be in playing state","timestamp":"2026-05-13T07:29:11.705Z"}
{"level":"error","message":"✖ FAILED [[PL-16] @smoke — Play/Pause toggles correctly] — Error: Player should be in playing state","timestamp":"2026-05-13T07:33:15.746Z"}
{"level":"error","message":"✖ FAILED [[PL-17] @smoke — 15-second forward seek works] — Error: 15s forward: time should increase by ~15s","timestamp":"2026-05-13T07:44:51.342Z"}
{"level":"error","message":"✖ FAILED [[PL-17] @smoke — 15-second forward seek works] — Error: 15s forward: time should increase by ~15s","timestamp":"2026-05-13T07:47:31.613Z"}
{"level":"error","message":"✖ FAILED [[PL-18] @smoke — 15-second backward seek works] — Error: 15s backward: time should decrease by ~15s","timestamp":"2026-05-13T08:09:28.265Z"}
{"level":"error","message":"✖ FAILED [[PL-18] @smoke — 15-second backward seek works] — Error: 15s backward: time should decrease by ~15s","timestamp":"2026-05-13T08:25:12.014Z"}
{"level":"error","message":"✖ FAILED [[PL-18] @smoke — 15-second backward seek works] — Error: 15s backward: time should decrease by ~15s","timestamp":"2026-05-13T08:25:58.626Z"}
{"level":"error","message":"✖ FAILED [[PL-18] @smoke — 15-second backward seek works] — Error: 15s backward: time should decrease by ~15s","timestamp":"2026-05-13T08:29:57.080Z"}
{"level":"error","message":"✖ FAILED [[PL-18] @smoke — 15-second backward seek works] — Error: \u001b[2mexpect(\u001b[22m\u001b[31mlocator\u001b[39m\u001b[2m).\u001b[22mtoBeEnabled\u001b[2m(\u001b[22m\u001b[2m)\u001b[22m failed","timestamp":"2026-05-13T08:47:19.413Z"}
{"level":"error","message":"✖ FAILED [[PL-18] @smoke — 15-second backward seek works] — Error: \u001b[2mexpect(\u001b[22m\u001b[31mlocator\u001b[39m\u001b[2m).\u001b[22mtoBeEnabled\u001b[2m(\u001b[22m\u001b[2m)\u001b[22m failed","timestamp":"2026-05-13T09:09:59.769Z"}
{"level":"error","message":"✖ FAILED [[PL-18] @smoke — 15-second backward seek works] — Error: \u001b[2mexpect(\u001b[22m\u001b[31mlocator\u001b[39m\u001b[2m).\u001b[22mtoBeEnabled\u001b[2m(\u001b[22m\u001b[2m)\u001b[22m failed","timestamp":"2026-05-13T11:34:53.291Z"}
{"level":"error","message":"✖ FAILED [[PL-19] @regression — Next Song navigation updates player metadata] — TimeoutError: locator.waitFor: Timeout 8000ms exceeded.","timestamp":"2026-05-13T11:51:32.271Z"}
{"level":"error","message":"✖ FAILED [[PL-19] @regression — Next Song navigation updates player metadata] — Error: Next song title should differ from previous","timestamp":"2026-05-13T11:52:41.108Z"}
{"level":"error","message":"✖ FAILED [[PL-19] @regression — Next Song navigation updates player metadata] — Error: Next song title should differ from previous","timestamp":"2026-05-14T05:54:38.311Z"}
{"level":"error","message":"✖ FAILED [[PL-19] @regression — Next Song navigation updates player metadata] — Error: Next song title should differ from previous","timestamp":"2026-05-14T06:01:36.494Z"}
{"level":"error","message":"✖ FAILED [[PL-19] @regression — Next Song navigation updates player metadata] — Error: Next song title should differ from previous","timestamp":"2026-05-14T06:06:51.711Z"}
{"level":"error","message":"✖ FAILED [[PL-19] @regression — Next Song navigation updates player metadata] — Error: Next song title should differ from previous","timestamp":"2026-05-14T06:08:19.844Z"}
{"level":"error","message":"✖ FAILED [[PL-19] @regression — Next Song navigation updates player metadata] — Error: Next song title should differ from previous","timestamp":"2026-05-14T06:09:21.528Z"}
{"level":"error","message":"✖ FAILED [[PL-19] @regression — Next Song navigation updates player metadata] — Error: Next song title should differ from previous","timestamp":"2026-05-14T06:11:09.300Z"}
{"level":"error","message":"✖ FAILED [[PL-19] @regression — Next Song navigation updates player metadata] — Error: Next song title should differ from previous","timestamp":"2026-05-14T06:18:09.830Z"}
{"level":"error","message":"✖ FAILED [[PL-19] @regression — Next Song navigation updates player metadata] — Error: Next song title should differ from previous","timestamp":"2026-05-14T06:23:19.829Z"}
{"level":"error","message":"✖ FAILED [[PL-19] @regression — Next Song navigation updates player metadata] — Error: Next song title should differ from previous","timestamp":"2026-05-14T06:26:06.493Z"}
{"level":"error","message":"✖ FAILED [[PL-19] @regression — Next Song navigation updates player metadata] — Error: Player should stay active after next song","timestamp":"2026-05-14T06:29:39.570Z"}
{"level":"error","message":"✖ FAILED [[PL-20] @regression — Sequential playback moves to next song automatically] — TimeoutError: locator.waitFor: Timeout 8000ms exceeded.","timestamp":"2026-05-14T06:35:47.369Z"}
{"level":"error","message":"✖ FAILED [[PL-20] @regression — Sequential playback moves to next song automatically] — Error: \u001b[2mexpect(\u001b[22m\u001b[31mreceived\u001b[39m\u001b[2m).\u001b[22mnot\u001b[2m.\u001b[22mtoBe\u001b[2m(\u001b[22m\u001b[32mexpected\u001b[39m\u001b[2m) // Object.is equality\u001b[22m","timestamp":"2026-05-14T06:47:28.359Z"}
{"level":"error","message":"✖ FAILED [[PL-20] @regression — Sequential playback moves to next song automatically] — Error: \u001b[2mexpect(\u001b[22m\u001b[31mreceived\u001b[39m\u001b[2m).\u001b[22mnot\u001b[2m.\u001b[22mtoBe\u001b[2m(\u001b[22m\u001b[32mexpected\u001b[39m\u001b[2m) // Object.is equality\u001b[22m","timestamp":"2026-05-14T07:00:02.232Z"}
{"level":"error","message":"✖ FAILED [[PL-20] @regression — Sequential playback moves to next song automatically] — Error: \u001b[2mexpect(\u001b[22m\u001b[31mreceived\u001b[39m\u001b[2m).\u001b[22mnot\u001b[2m.\u001b[22mtoBe\u001b[2m(\u001b[22m\u001b[32mexpected\u001b[39m\u001b[2m) // Object.is equality\u001b[22m","timestamp":"2026-05-14T08:33:12.426Z"}
{"level":"error","message":"✖ FAILED [[PL-20] @regression — Sequential playback moves to next song automatically] — Error: \u001b[2mexpect(\u001b[22m\u001b[31mreceived\u001b[39m\u001b[2m).\u001b[22mnot\u001b[2m.\u001b[22mtoBe\u001b[2m(\u001b[22m\u001b[32mexpected\u001b[39m\u001b[2m) // Object.is equality\u001b[22m","timestamp":"2026-05-14T08:38:10.076Z"}
{"level":"error","message":"✖ FAILED [[PL-16] @smoke — Play/Pause toggles correctly] — Error: Player should be paused","timestamp":"2026-05-14T10:04:03.507Z"}
{"level":"error","message":"✖ FAILED [[PL-20] @regression — Sequential playback moves to next song automatically] — ReferenceError: pl is not defined","timestamp":"2026-05-14T11:00:55.734Z"}
{"level":"error","message":"✖ FAILED [[PB-01] @smoke — Play/Pause toggles correctly] — Error: Player should be paused","timestamp":"2026-05-14T16:09:32.517Z"}
{"level":"error","message":"✖ FAILED [[PB-02] @smoke — 15-second forward seek works] — Error: 15s forward: time should increase by ~15s","timestamp":"2026-05-14T16:10:50.956Z"}
{"level":"error","message":"✖ FAILED [[PL-04] @regression — Cannot create duplicate playlist name] — Error: Should show duplicate name error","timestamp":"2026-05-14T16:15:34.638Z"}
{"level":"error","message":"✖ FAILED [[PL-04] @regression — Cannot create duplicate playlist name] — Error: Should show duplicate name error","timestamp":"2026-05-14T16:15:58.279Z"}
{"level":"error","message":"✖ FAILED [[PL-09] @smoke — Add full album — all songs present] — ReferenceError: countInPlaylist is not defined","timestamp":"2026-05-14T16:20:01.808Z"}
{"level":"error","message":"✖ FAILED [[PL-09] @smoke — Add full album — all songs present] — ReferenceError: countInPlaylist is not defined","timestamp":"2026-05-14T16:20:29.951Z"}
{"level":"error","message":"✖ FAILED [[PL-15] @smoke — Newest song appears at top of playlist] — TimeoutError: locator.waitFor: Timeout 8000ms exceeded.","timestamp":"2026-05-14T16:23:44.733Z"}
